// Jest Snapshot v1, https://goo.gl/fbAQLP

exports[`HttpForwarder forward() parameters are invalid throws error when resource is missing 1`] = `"Missing spec"`;

exports[`HttpForwarder forward() parameters are invalid throws error when server list is empty 1`] = `"Server list is missing in spec"`;

exports[`HttpForwarder forward() parameters are invalid throws error when server list is missing 1`] = `"Server list is missing in spec"`;

exports[`HttpForwarder forward() parameters are valid server url has no variables proxies request correctly 1`] = `
Object {
  "body": "[{},{}]",
  "headers": Object {
    "Content-type": "application/json",
  },
  "statusCode": 200,
}
`;

exports[`HttpForwarder forward() parameters are valid server url has variables fails when variable is not defined 1`] = `"Variable 'var1' is not defined, cannot parse input."`;
