// Jest Snapshot v1, https://goo.gl/fbAQLP

exports[`httpBodyValidator validate() body schema is provided validator for given media type exists return no validation errors 1`] = `
Array [
  Object {
    "message": "testMessage",
    "name": "testName",
    "path": Array [
      "a",
    ],
    "severity": "error",
    "summary": "testSummary",
  },
]
`;

exports[`httpBodyValidator validate() body schema is provided validator for given media type exists return validation errors 1`] = `
Array [
  Object {
    "message": "testMessage",
    "name": "testName",
    "path": Array [
      "a",
    ],
    "severity": "error",
    "summary": "testSummary",
  },
]
`;
