// Jest Snapshot v1, https://goo.gl/fbAQLP

exports[`validateAgainstSchema() has validation errors returns validation errors 1`] = `
Array [
  Object {
    "message": "should be number",
    "name": "type",
    "path": Array [
      "pfx",
    ],
    "severity": "error",
    "summary": "should be number",
  },
]
`;
