// Jest Snapshot v1, https://goo.gl/fbAQLP

exports[`Mocker mock() mocks 1`] = `Promise {}`;
