// Jest Snapshot v1, https://goo.gl/fbAQLP

exports[`configMerger given config function and config object should merge 1`] = `
Object {
  "alfa": false,
  "beta": true,
  "mock": false,
  "validate": Object {
    "a": 3,
    "b": 2,
    "c": 4,
  },
}
`;

exports[`configMerger given one config object and some undefined should return that object 1`] = `
Object {
  "x": 1,
  "y": 2,
}
`;

exports[`configMerger given one config object should return that object 1`] = `
Object {
  "x": 1,
  "y": 2,
}
`;

exports[`configMerger given two config objects should return a merged config 1`] = `
Object {
  "alfa": false,
  "beta": true,
  "mock": false,
  "validate": Object {
    "a": 3,
    "b": 2,
    "c": 4,
  },
}
`;

exports[`configMerger should throw error if all provided configurations are undefined 1`] = `[Error: All configurations passed to the factory are undefined]`;

exports[`configMerger should throw error if no configuration provided 1`] = `[Error: All configurations passed to the factory are undefined]`;
